CYCLETRACE_CHILD_READY
NG_STARTED 302985
User options:
default = /opt/conda/bin/python -u /root/tilelang-metax/race_tests/nsa/hack/v004_codex_power_s1_reprofile_sc-16g-2/profile_variant_v28.py 8, 
--sample-mode = A
--filename = /tmp/nsa_cycle_trace_leader/capture_parentC8_once
--target-ap = 0
--target-peu = 1
--pwr-mode = false
--dpc-id = 0, 
--target-device = 0
--token-msk = inst_type, inst_pc, isu_starve_type, wave_start, wave_end, 
--dpg-page-num = 1
--pack-timeout = 0
--format = json
--kernel-probe = false
--filter = wave_limit=64, ap=0, peu=0, strip, 
--sample-data-file = 
--sample-data-interval = 200
--sample-data-compressed = linear
--sample-data-dump = false
--only-sample = false
--only-parse = false
--input-rawdata = c-trace_output_dpc_0.data
--xcore-name = MXC500
Warning: cannot open event configure, continue without sampling perfcounters.
sample config size:0
call function mxc_vendor_get_queue_xpid error, status is ERROR
Aborted by exception.
NG_ACTUALWAIT 255
