PROPOSAL_PROOF {
  "timestamp_utc": "2026-10-02T04:46:26.859929+00:00",
  "kind": "proposal_math_only_no_kernel_edit_compile_attention_native",
  "source_commit": "189ab5f4d56af37f558732c2dc0241aeb47e5b22",
  "parent_source_sha256": "4c674c79e4128f3c9f233fa6694c1a8f825d1048293accd9250fb5e2d86472b0",
  "shape": {
    "B": 2,
    "SEQ_LEN": 4096,
    "H": 1,
    "HQ": 16,
    "D": 64,
    "S": 1,
    "block_size": 16,
    "is_causal": true
  },
  "slot_domains": {
    "qk_slot": {
      "points": 1024,
      "min": 0,
      "max": 1023,
      "bijection": true
    },
    "out_slot": {
      "points": 1024,
      "min": 0,
      "max": 1023,
      "bijection": true
    },
    "v_slot": {
      "points": 1024,
      "min": 0,
      "max": 1023,
      "bijection": true
    }
  },
  "shared_partition_half_ranges": [
    [
      0,
      1024
    ],
    [
      1024,
      2048
    ]
  ],
  "scalar_partition_disjoint": true,
  "vector_touch_records": 2560,
  "all_actual_pack_touches_inside_partition": true,
  "vector_relative_alignment": {
    "qk_output_Vconsumer_bytes": 8,
    "Vproducer_bytes": 4
  },
  "token_pair_map": {
    "queries_per_batch": 4096,
    "pair_ctas_per_batch": 2048,
    "last_pair_tokens": [
      4094,
      4095
    ],
    "bijection": true,
    "inverse": "pair=token//2;group=token%2"
  },
  "shuffle_xor16_32_preserves_query_group_width64": true,
  "output_points_per_cta": 2048,
  "full_global_output_elements_factorized": 8388608,
  "output_payload_bytes": 16777216,
  "cta_count": [
    8192,
    4096
  ],
  "dispatched_waves_expected": [
    8192,
    8192
  ],
  "native_or_gpu_runs": 0,
  "hypothesis_not_approved": true
}
